16:58:53 **** Auto Build of configuration Debug for project TestApp ****
make all 
Building file: ../src/gpio.c
Invoking: ARM gcc compiler
arm-xilinx-eabi-gcc -Wall -O0 -g3 -c -fmessage-length=0 -MT"src/gpio.o" -I../../standalone_bsp_0/ps7_cortexa9_0/include -MMD -MP -MF"src/gpio.d" -MT"src/gpio.d" -o "src/gpio.o" "../src/gpio.c"
../src/gpio.c: In function 'main':
../src/gpio.c:21:3: warning: implicit declaration of function 'sleep' [-Wimplicit-function-declaration]
   sleep(1);
   ^
Finished building: ../src/gpio.c
 
Building file: ../src/platform.c
Invoking: ARM gcc compiler
arm-xilinx-eabi-gcc -Wall -O0 -g3 -c -fmessage-length=0 -MT"src/platform.o" -I../../standalone_bsp_0/ps7_cortexa9_0/include -MMD -MP -MF"src/platform.d" -MT"src/platform.d" -o "src/platform.o" "../src/platform.c"
Finished building: ../src/platform.c
 
Building target: TestApp.elf
Invoking: ARM gcc linker
arm-xilinx-eabi-gcc -Wl,-T -Wl,../src/lscript.ld -L../../standalone_bsp_0/ps7_cortexa9_0/lib -o "TestApp.elf"  ./src/gpio.o ./src/platform.o   -Wl,--start-group,-lxil,-lgcc,-lc,--end-group
Finished building target: TestApp.elf
 
Invoking: ARM Print Size
arm-xilinx-eabi-size TestApp.elf  |tee "TestApp.elf.size"
   text	   data	    bss	    dec	    hex	filename
  26544	   1184	  22580	  50308	   c484	TestApp.elf
Finished building: TestApp.elf.size
 

16:58:53 Build Finished (took 278ms)

